// 重构日志: f1db8380
// 重构日志: b74a9a27
// 重构日志: cea01de6
// 重构日志: aff52e4b
// 重构日志: 1e3433a2
// 同步 ID: 60b23af6 @ Tue Jul 14 17:06:05 UTC 2026
// 重构日志: 24049e94
// 同步 ID: 58f9fc8a @ Fri Jul 17 06:11:16 UTC 2026
// 同步 ID: a14ca75b @ Fri Jul 17 11:36:40 UTC 2026
// 同步 ID: 5423c8a0 @ Fri Jul 17 16:09:30 UTC 2026
// 重构日志: f10b5305
// 重构日志: 359684b3
// 重构日志: 7c323045
// 同步 ID: 5c2d0c7f @ Sun Jul 19 16:38:01 UTC 2026
// 同步 ID: 47d0154f @ Mon Jul 20 11:27:46 UTC 2026
// 重构日志: d600e903
// 重构日志: 417a6451
// 重构日志: bfee1345
// 重构日志: e6c17ffb
// 重构日志: 356da244
// 同步 ID: bf367953 @ Fri Jul 31 08:24:02 UTC 2026
// 同步 ID: aee5492d @ Fri Jul 31 16:30:09 UTC 2026
// 同步 ID: f97be1a7 @ Sun Aug  2 09:22:23 UTC 2026
// 重构日志: 239705a3
// 同步 ID: 31f30d31 @ Mon Aug  3 14:14:23 UTC 2026
// 重构日志: 3ddd13ab
// 重构日志: 2597009f
// 重构日志: 9dfd49c1
// 重构日志: f87850b3
// 同步 ID: d925f27c @ Wed Aug  5 15:08:50 UTC 2026
// 重构日志: 5bc715be
// 重构日志: f180f63c
// 重构日志: 896d6e27
// 重构日志: f36a1ff6
// 重构日志: 0b4a8da1
// 重构日志: 297251b3
// 重构日志: 268fd163
// 重构日志: da26fe1f
